// Jest Snapshot v1, https://goo.gl/fbAQLP

exports[`Home renders correctly 1`] = `
<div
  className="home"
>
  <div
    className="title"
  >
    Hello World
  </div>
</div>
`;
